// Jest Snapshot v1, https://goo.gl/fbAQLP

exports[`Item renders correctly 1`] = `
<li>
  some text
  <button
    data-delete-item-unit-test="true"
  >
    x
  </button>
</li>
`;
